[0.881s] Invoking command in '/home/pat/irs-workspace/src/IRS_2025_group3/pa_warehouse_status': PYTHONPATH=/home/pat/irs-workspace/src/IRS_2025_group3/build/pa_warehouse_status/prefix_override:/usr/lib/python3/dist-packages/colcon_core/task/python/colcon_distutils_commands:/home/pat/irs-workspace/src/IRS_2025_group3/install/pa_warehouse_status/lib/python3.10/site-packages:${PYTHONPATH} /usr/bin/python3 -W ignore:setup.py install is deprecated -W ignore:easy_install command is deprecated setup.py egg_info --egg-base ../build/pa_warehouse_status build --build-base /home/pat/irs-workspace/src/IRS_2025_group3/build/pa_warehouse_status/build install --record /home/pat/irs-workspace/src/IRS_2025_group3/build/pa_warehouse_status/install.log --single-version-externally-managed install_data
[1.030s] running egg_info
[1.030s] creating ../build/pa_warehouse_status/pa_warehouse_status.egg-info
[1.030s] writing ../build/pa_warehouse_status/pa_warehouse_status.egg-info/PKG-INFO
[1.030s] writing dependency_links to ../build/pa_warehouse_status/pa_warehouse_status.egg-info/dependency_links.txt
[1.031s] writing entry points to ../build/pa_warehouse_status/pa_warehouse_status.egg-info/entry_points.txt
[1.031s] writing requirements to ../build/pa_warehouse_status/pa_warehouse_status.egg-info/requires.txt
[1.031s] writing top-level names to ../build/pa_warehouse_status/pa_warehouse_status.egg-info/top_level.txt
[1.031s] writing manifest file '../build/pa_warehouse_status/pa_warehouse_status.egg-info/SOURCES.txt'
[1.032s] reading manifest file '../build/pa_warehouse_status/pa_warehouse_status.egg-info/SOURCES.txt'
[1.032s] adding license file 'LICENSE'
[1.032s] writing manifest file '../build/pa_warehouse_status/pa_warehouse_status.egg-info/SOURCES.txt'
[1.032s] running build
[1.033s] running build_py
[1.033s] creating /home/pat/irs-workspace/src/IRS_2025_group3/build/pa_warehouse_status/build
[1.033s] creating /home/pat/irs-workspace/src/IRS_2025_group3/build/pa_warehouse_status/build/lib
[1.034s] creating /home/pat/irs-workspace/src/IRS_2025_group3/build/pa_warehouse_status/build/lib/pa_warehouse_status
[1.034s] copying pa_warehouse_status/__init__.py -> /home/pat/irs-workspace/src/IRS_2025_group3/build/pa_warehouse_status/build/lib/pa_warehouse_status
[1.034s] copying pa_warehouse_status/plc_hmi_listener.py -> /home/pat/irs-workspace/src/IRS_2025_group3/build/pa_warehouse_status/build/lib/pa_warehouse_status
[1.034s] copying pa_warehouse_status/pineapple_gossip_bot.py -> /home/pat/irs-workspace/src/IRS_2025_group3/build/pa_warehouse_status/build/lib/pa_warehouse_status
[1.034s] running install
[1.036s] running install_lib
[1.036s] creating /home/pat/irs-workspace/src/IRS_2025_group3/install/pa_warehouse_status/lib/python3.10/site-packages/pa_warehouse_status
[1.036s] copying /home/pat/irs-workspace/src/IRS_2025_group3/build/pa_warehouse_status/build/lib/pa_warehouse_status/__init__.py -> /home/pat/irs-workspace/src/IRS_2025_group3/install/pa_warehouse_status/lib/python3.10/site-packages/pa_warehouse_status
[1.036s] copying /home/pat/irs-workspace/src/IRS_2025_group3/build/pa_warehouse_status/build/lib/pa_warehouse_status/plc_hmi_listener.py -> /home/pat/irs-workspace/src/IRS_2025_group3/install/pa_warehouse_status/lib/python3.10/site-packages/pa_warehouse_status
[1.036s] copying /home/pat/irs-workspace/src/IRS_2025_group3/build/pa_warehouse_status/build/lib/pa_warehouse_status/pineapple_gossip_bot.py -> /home/pat/irs-workspace/src/IRS_2025_group3/install/pa_warehouse_status/lib/python3.10/site-packages/pa_warehouse_status
[1.036s] byte-compiling /home/pat/irs-workspace/src/IRS_2025_group3/install/pa_warehouse_status/lib/python3.10/site-packages/pa_warehouse_status/__init__.py to __init__.cpython-310.pyc
[1.036s] byte-compiling /home/pat/irs-workspace/src/IRS_2025_group3/install/pa_warehouse_status/lib/python3.10/site-packages/pa_warehouse_status/plc_hmi_listener.py to plc_hmi_listener.cpython-310.pyc
[1.037s] byte-compiling /home/pat/irs-workspace/src/IRS_2025_group3/install/pa_warehouse_status/lib/python3.10/site-packages/pa_warehouse_status/pineapple_gossip_bot.py to pineapple_gossip_bot.cpython-310.pyc
[1.037s] running install_data
[1.037s] creating /home/pat/irs-workspace/src/IRS_2025_group3/install/pa_warehouse_status/share/ament_index
[1.037s] creating /home/pat/irs-workspace/src/IRS_2025_group3/install/pa_warehouse_status/share/ament_index/resource_index
[1.037s] creating /home/pat/irs-workspace/src/IRS_2025_group3/install/pa_warehouse_status/share/ament_index/resource_index/packages
[1.037s] copying resource/pa_warehouse_status -> /home/pat/irs-workspace/src/IRS_2025_group3/install/pa_warehouse_status/share/ament_index/resource_index/packages
[1.037s] copying package.xml -> /home/pat/irs-workspace/src/IRS_2025_group3/install/pa_warehouse_status/share/pa_warehouse_status
[1.037s] running install_egg_info
[1.037s] Copying ../build/pa_warehouse_status/pa_warehouse_status.egg-info to /home/pat/irs-workspace/src/IRS_2025_group3/install/pa_warehouse_status/lib/python3.10/site-packages/pa_warehouse_status-0.0.0-py3.10.egg-info
[1.038s] running install_scripts
[1.052s] Installing pineapple_gossip_bot script to /home/pat/irs-workspace/src/IRS_2025_group3/install/pa_warehouse_status/lib/pa_warehouse_status
[1.052s] Installing plc_hmi_listener script to /home/pat/irs-workspace/src/IRS_2025_group3/install/pa_warehouse_status/lib/pa_warehouse_status
[1.052s] writing list of installed files to '/home/pat/irs-workspace/src/IRS_2025_group3/build/pa_warehouse_status/install.log'
[1.070s] Invoked command in '/home/pat/irs-workspace/src/IRS_2025_group3/pa_warehouse_status' returned '0': PYTHONPATH=/home/pat/irs-workspace/src/IRS_2025_group3/build/pa_warehouse_status/prefix_override:/usr/lib/python3/dist-packages/colcon_core/task/python/colcon_distutils_commands:/home/pat/irs-workspace/src/IRS_2025_group3/install/pa_warehouse_status/lib/python3.10/site-packages:${PYTHONPATH} /usr/bin/python3 -W ignore:setup.py install is deprecated -W ignore:easy_install command is deprecated setup.py egg_info --egg-base ../build/pa_warehouse_status build --build-base /home/pat/irs-workspace/src/IRS_2025_group3/build/pa_warehouse_status/build install --record /home/pat/irs-workspace/src/IRS_2025_group3/build/pa_warehouse_status/install.log --single-version-externally-managed install_data
