/home/pat/irs-workspace/src/IRS_2025_group3/install/hand_solo_virtual_nav/lib/python3.10/site-packages/hand_solo_virtual_nav/__init__.py
/home/pat/irs-workspace/src/IRS_2025_group3/install/hand_solo_virtual_nav/lib/python3.10/site-packages/hand_solo_virtual_nav/hs_state_machine.py
/home/pat/irs-workspace/src/IRS_2025_group3/install/hand_solo_virtual_nav/lib/python3.10/site-packages/hand_solo_virtual_nav/__pycache__/__init__.cpython-310.pyc
/home/pat/irs-workspace/src/IRS_2025_group3/install/hand_solo_virtual_nav/lib/python3.10/site-packages/hand_solo_virtual_nav/__pycache__/hs_state_machine.cpython-310.pyc
/home/pat/irs-workspace/src/IRS_2025_group3/install/hand_solo_virtual_nav/share/ament_index/resource_index/packages/hand_solo_virtual_nav
/home/pat/irs-workspace/src/IRS_2025_group3/install/hand_solo_virtual_nav/share/hand_solo_virtual_nav/package.xml
/home/pat/irs-workspace/src/IRS_2025_group3/install/hand_solo_virtual_nav/share/hand_solo_virtual_nav/launch/mapping_launch.py
/home/pat/irs-workspace/src/IRS_2025_group3/install/hand_solo_virtual_nav/share/hand_solo_virtual_nav/launch/nav_launch.py
/home/pat/irs-workspace/src/IRS_2025_group3/install/hand_solo_virtual_nav/share/hand_solo_virtual_nav/config/pa_nav2_params.yaml
/home/pat/irs-workspace/src/IRS_2025_group3/install/hand_solo_virtual_nav/share/hand_solo_virtual_nav/config/pa_slam_params.yaml
/home/pat/irs-workspace/src/IRS_2025_group3/install/hand_solo_virtual_nav/share/hand_solo_virtual_nav/rviz/pa_rviz_nav2.rviz
/home/pat/irs-workspace/src/IRS_2025_group3/install/hand_solo_virtual_nav/share/hand_solo_virtual_nav/rviz/pa_rviz_mapping.rviz
/home/pat/irs-workspace/src/IRS_2025_group3/install/hand_solo_virtual_nav/share/hand_solo_virtual_nav/map/pa_warehouse_map_01.pgm
/home/pat/irs-workspace/src/IRS_2025_group3/install/hand_solo_virtual_nav/share/hand_solo_virtual_nav/map/pa_warehouse_map_01.yaml
/home/pat/irs-workspace/src/IRS_2025_group3/install/hand_solo_virtual_nav/lib/python3.10/site-packages/hand_solo_virtual_nav-0.0.0-py3.10.egg-info/requires.txt
/home/pat/irs-workspace/src/IRS_2025_group3/install/hand_solo_virtual_nav/lib/python3.10/site-packages/hand_solo_virtual_nav-0.0.0-py3.10.egg-info/top_level.txt
/home/pat/irs-workspace/src/IRS_2025_group3/install/hand_solo_virtual_nav/lib/python3.10/site-packages/hand_solo_virtual_nav-0.0.0-py3.10.egg-info/dependency_links.txt
/home/pat/irs-workspace/src/IRS_2025_group3/install/hand_solo_virtual_nav/lib/python3.10/site-packages/hand_solo_virtual_nav-0.0.0-py3.10.egg-info/SOURCES.txt
/home/pat/irs-workspace/src/IRS_2025_group3/install/hand_solo_virtual_nav/lib/python3.10/site-packages/hand_solo_virtual_nav-0.0.0-py3.10.egg-info/PKG-INFO
/home/pat/irs-workspace/src/IRS_2025_group3/install/hand_solo_virtual_nav/lib/python3.10/site-packages/hand_solo_virtual_nav-0.0.0-py3.10.egg-info/zip-safe
/home/pat/irs-workspace/src/IRS_2025_group3/install/hand_solo_virtual_nav/lib/python3.10/site-packages/hand_solo_virtual_nav-0.0.0-py3.10.egg-info/entry_points.txt
/home/pat/irs-workspace/src/IRS_2025_group3/install/hand_solo_virtual_nav/lib/hand_solo_virtual_nav/hs_state_machine
