[0.903s] Invoking command in '/home/pat/irs-workspace/src/IRS_2025_group3/hand_solo_arm': PYTHONPATH=/home/pat/irs-workspace/src/IRS_2025_group3/build/hand_solo_arm/prefix_override:/usr/lib/python3/dist-packages/colcon_core/task/python/colcon_distutils_commands:/home/pat/irs-workspace/src/IRS_2025_group3/install/hand_solo_arm/lib/python3.10/site-packages:${PYTHONPATH} /usr/bin/python3 -W ignore:setup.py install is deprecated -W ignore:easy_install command is deprecated setup.py egg_info --egg-base ../build/hand_solo_arm build --build-base /home/pat/irs-workspace/src/IRS_2025_group3/build/hand_solo_arm/build install --record /home/pat/irs-workspace/src/IRS_2025_group3/build/hand_solo_arm/install.log --single-version-externally-managed install_data
[1.146s] running egg_info
[1.146s] creating ../build/hand_solo_arm/hand_solo_arm.egg-info
[1.146s] writing ../build/hand_solo_arm/hand_solo_arm.egg-info/PKG-INFO
[1.147s] writing dependency_links to ../build/hand_solo_arm/hand_solo_arm.egg-info/dependency_links.txt
[1.147s] writing entry points to ../build/hand_solo_arm/hand_solo_arm.egg-info/entry_points.txt
[1.147s] writing requirements to ../build/hand_solo_arm/hand_solo_arm.egg-info/requires.txt
[1.147s] writing top-level names to ../build/hand_solo_arm/hand_solo_arm.egg-info/top_level.txt
[1.147s] writing manifest file '../build/hand_solo_arm/hand_solo_arm.egg-info/SOURCES.txt'
[1.147s] reading manifest file '../build/hand_solo_arm/hand_solo_arm.egg-info/SOURCES.txt'
[1.148s] writing manifest file '../build/hand_solo_arm/hand_solo_arm.egg-info/SOURCES.txt'
[1.148s] running build
[1.148s] running build_py
[1.148s] creating /home/pat/irs-workspace/src/IRS_2025_group3/build/hand_solo_arm/build
[1.148s] creating /home/pat/irs-workspace/src/IRS_2025_group3/build/hand_solo_arm/build/lib
[1.149s] creating /home/pat/irs-workspace/src/IRS_2025_group3/build/hand_solo_arm/build/lib/hand_solo_arm
[1.149s] copying hand_solo_arm/__init__.py -> /home/pat/irs-workspace/src/IRS_2025_group3/build/hand_solo_arm/build/lib/hand_solo_arm
[1.149s] copying hand_solo_arm/hs_pick_place.py -> /home/pat/irs-workspace/src/IRS_2025_group3/build/hand_solo_arm/build/lib/hand_solo_arm
[1.149s] running install
[1.149s] running install_lib
[1.150s] creating /home/pat/irs-workspace/src/IRS_2025_group3/install/hand_solo_arm/lib/python3.10/site-packages/hand_solo_arm
[1.150s] copying /home/pat/irs-workspace/src/IRS_2025_group3/build/hand_solo_arm/build/lib/hand_solo_arm/__init__.py -> /home/pat/irs-workspace/src/IRS_2025_group3/install/hand_solo_arm/lib/python3.10/site-packages/hand_solo_arm
[1.150s] copying /home/pat/irs-workspace/src/IRS_2025_group3/build/hand_solo_arm/build/lib/hand_solo_arm/hs_pick_place.py -> /home/pat/irs-workspace/src/IRS_2025_group3/install/hand_solo_arm/lib/python3.10/site-packages/hand_solo_arm
[1.150s] byte-compiling /home/pat/irs-workspace/src/IRS_2025_group3/install/hand_solo_arm/lib/python3.10/site-packages/hand_solo_arm/__init__.py to __init__.cpython-310.pyc
[1.150s] byte-compiling /home/pat/irs-workspace/src/IRS_2025_group3/install/hand_solo_arm/lib/python3.10/site-packages/hand_solo_arm/hs_pick_place.py to hs_pick_place.cpython-310.pyc
[1.151s] running install_data
[1.151s] creating /home/pat/irs-workspace/src/IRS_2025_group3/install/hand_solo_arm/share/ament_index
[1.151s] creating /home/pat/irs-workspace/src/IRS_2025_group3/install/hand_solo_arm/share/ament_index/resource_index
[1.151s] creating /home/pat/irs-workspace/src/IRS_2025_group3/install/hand_solo_arm/share/ament_index/resource_index/packages
[1.151s] copying resource/hand_solo_arm -> /home/pat/irs-workspace/src/IRS_2025_group3/install/hand_solo_arm/share/ament_index/resource_index/packages
[1.151s] copying package.xml -> /home/pat/irs-workspace/src/IRS_2025_group3/install/hand_solo_arm/share/hand_solo_arm
[1.151s] running install_egg_info
[1.152s] Copying ../build/hand_solo_arm/hand_solo_arm.egg-info to /home/pat/irs-workspace/src/IRS_2025_group3/install/hand_solo_arm/lib/python3.10/site-packages/hand_solo_arm-0.0.0-py3.10.egg-info
[1.152s] running install_scripts
[1.166s] Installing hs_pick_place script to /home/pat/irs-workspace/src/IRS_2025_group3/install/hand_solo_arm/lib/hand_solo_arm
[1.166s] writing list of installed files to '/home/pat/irs-workspace/src/IRS_2025_group3/build/hand_solo_arm/install.log'
[1.181s] Invoked command in '/home/pat/irs-workspace/src/IRS_2025_group3/hand_solo_arm' returned '0': PYTHONPATH=/home/pat/irs-workspace/src/IRS_2025_group3/build/hand_solo_arm/prefix_override:/usr/lib/python3/dist-packages/colcon_core/task/python/colcon_distutils_commands:/home/pat/irs-workspace/src/IRS_2025_group3/install/hand_solo_arm/lib/python3.10/site-packages:${PYTHONPATH} /usr/bin/python3 -W ignore:setup.py install is deprecated -W ignore:easy_install command is deprecated setup.py egg_info --egg-base ../build/hand_solo_arm build --build-base /home/pat/irs-workspace/src/IRS_2025_group3/build/hand_solo_arm/build install --record /home/pat/irs-workspace/src/IRS_2025_group3/build/hand_solo_arm/install.log --single-version-externally-managed install_data
