running egg_info
creating ../build/hand_solo_virtual_nav/hand_solo_virtual_nav.egg-info
writing ../build/hand_solo_virtual_nav/hand_solo_virtual_nav.egg-info/PKG-INFO
writing dependency_links to ../build/hand_solo_virtual_nav/hand_solo_virtual_nav.egg-info/dependency_links.txt
writing entry points to ../build/hand_solo_virtual_nav/hand_solo_virtual_nav.egg-info/entry_points.txt
writing requirements to ../build/hand_solo_virtual_nav/hand_solo_virtual_nav.egg-info/requires.txt
writing top-level names to ../build/hand_solo_virtual_nav/hand_solo_virtual_nav.egg-info/top_level.txt
writing manifest file '../build/hand_solo_virtual_nav/hand_solo_virtual_nav.egg-info/SOURCES.txt'
reading manifest file '../build/hand_solo_virtual_nav/hand_solo_virtual_nav.egg-info/SOURCES.txt'
adding license file 'LICENSE'
writing manifest file '../build/hand_solo_virtual_nav/hand_solo_virtual_nav.egg-info/SOURCES.txt'
running build
running build_py
creating /home/pat/irs-workspace/src/IRS_2025_group3/build/hand_solo_virtual_nav/build
creating /home/pat/irs-workspace/src/IRS_2025_group3/build/hand_solo_virtual_nav/build/lib
creating /home/pat/irs-workspace/src/IRS_2025_group3/build/hand_solo_virtual_nav/build/lib/hand_solo_virtual_nav
copying hand_solo_virtual_nav/__init__.py -> /home/pat/irs-workspace/src/IRS_2025_group3/build/hand_solo_virtual_nav/build/lib/hand_solo_virtual_nav
copying hand_solo_virtual_nav/hs_state_machine.py -> /home/pat/irs-workspace/src/IRS_2025_group3/build/hand_solo_virtual_nav/build/lib/hand_solo_virtual_nav
running install
running install_lib
creating /home/pat/irs-workspace/src/IRS_2025_group3/install/hand_solo_virtual_nav/lib/python3.10/site-packages/hand_solo_virtual_nav
copying /home/pat/irs-workspace/src/IRS_2025_group3/build/hand_solo_virtual_nav/build/lib/hand_solo_virtual_nav/__init__.py -> /home/pat/irs-workspace/src/IRS_2025_group3/install/hand_solo_virtual_nav/lib/python3.10/site-packages/hand_solo_virtual_nav
copying /home/pat/irs-workspace/src/IRS_2025_group3/build/hand_solo_virtual_nav/build/lib/hand_solo_virtual_nav/hs_state_machine.py -> /home/pat/irs-workspace/src/IRS_2025_group3/install/hand_solo_virtual_nav/lib/python3.10/site-packages/hand_solo_virtual_nav
byte-compiling /home/pat/irs-workspace/src/IRS_2025_group3/install/hand_solo_virtual_nav/lib/python3.10/site-packages/hand_solo_virtual_nav/__init__.py to __init__.cpython-310.pyc
byte-compiling /home/pat/irs-workspace/src/IRS_2025_group3/install/hand_solo_virtual_nav/lib/python3.10/site-packages/hand_solo_virtual_nav/hs_state_machine.py to hs_state_machine.cpython-310.pyc
running install_data
creating /home/pat/irs-workspace/src/IRS_2025_group3/install/hand_solo_virtual_nav/share/ament_index
creating /home/pat/irs-workspace/src/IRS_2025_group3/install/hand_solo_virtual_nav/share/ament_index/resource_index
creating /home/pat/irs-workspace/src/IRS_2025_group3/install/hand_solo_virtual_nav/share/ament_index/resource_index/packages
copying resource/hand_solo_virtual_nav -> /home/pat/irs-workspace/src/IRS_2025_group3/install/hand_solo_virtual_nav/share/ament_index/resource_index/packages
copying package.xml -> /home/pat/irs-workspace/src/IRS_2025_group3/install/hand_solo_virtual_nav/share/hand_solo_virtual_nav
creating /home/pat/irs-workspace/src/IRS_2025_group3/install/hand_solo_virtual_nav/share/hand_solo_virtual_nav/launch
copying launch/mapping_launch.py -> /home/pat/irs-workspace/src/IRS_2025_group3/install/hand_solo_virtual_nav/share/hand_solo_virtual_nav/launch
copying launch/nav_launch.py -> /home/pat/irs-workspace/src/IRS_2025_group3/install/hand_solo_virtual_nav/share/hand_solo_virtual_nav/launch
creating /home/pat/irs-workspace/src/IRS_2025_group3/install/hand_solo_virtual_nav/share/hand_solo_virtual_nav/config
copying config/pa_nav2_params.yaml -> /home/pat/irs-workspace/src/IRS_2025_group3/install/hand_solo_virtual_nav/share/hand_solo_virtual_nav/config
copying config/pa_slam_params.yaml -> /home/pat/irs-workspace/src/IRS_2025_group3/install/hand_solo_virtual_nav/share/hand_solo_virtual_nav/config
creating /home/pat/irs-workspace/src/IRS_2025_group3/install/hand_solo_virtual_nav/share/hand_solo_virtual_nav/rviz
copying rviz/pa_rviz_nav2.rviz -> /home/pat/irs-workspace/src/IRS_2025_group3/install/hand_solo_virtual_nav/share/hand_solo_virtual_nav/rviz
copying rviz/pa_rviz_mapping.rviz -> /home/pat/irs-workspace/src/IRS_2025_group3/install/hand_solo_virtual_nav/share/hand_solo_virtual_nav/rviz
creating /home/pat/irs-workspace/src/IRS_2025_group3/install/hand_solo_virtual_nav/share/hand_solo_virtual_nav/map
copying map/pa_warehouse_map_01.pgm -> /home/pat/irs-workspace/src/IRS_2025_group3/install/hand_solo_virtual_nav/share/hand_solo_virtual_nav/map
copying map/pa_warehouse_map_01.yaml -> /home/pat/irs-workspace/src/IRS_2025_group3/install/hand_solo_virtual_nav/share/hand_solo_virtual_nav/map
running install_egg_info
Copying ../build/hand_solo_virtual_nav/hand_solo_virtual_nav.egg-info to /home/pat/irs-workspace/src/IRS_2025_group3/install/hand_solo_virtual_nav/lib/python3.10/site-packages/hand_solo_virtual_nav-0.0.0-py3.10.egg-info
running install_scripts
Installing hs_state_machine script to /home/pat/irs-workspace/src/IRS_2025_group3/install/hand_solo_virtual_nav/lib/hand_solo_virtual_nav
writing list of installed files to '/home/pat/irs-workspace/src/IRS_2025_group3/build/hand_solo_virtual_nav/install.log'
